---
source: tests/snapshots.rs
expression: picker.screen()
---
  ◉ blocked  ws-common       Remove PR comments       main:1
> ● working  dotfiles        Tmux Claude Code sessi…  main:1
  ○ idle     scintilla.nvim  ~/scintilla.nvim         main:1
                                                            
                                                            
                                                            
                                                            
                                     press ? for keybindings
